1 - Create Tour Directory.rsc
2 - Model Steps.rsc
3 - Summaries.rsc

Highway\\Build_Networks
Highway\\Fill_prj_year
Highway\\Build_HwyNet
Highway\\Area_Type2
Highway\\CapSpd
Highway\\ped_drive_den_update
Highway\\HwySkim_Free
Highway\\HwySkim_Peak
Highway\\Terminal_Intrazonal_TT
Highway\\ExtStaforTripGen
Highway\\Trip_Generation
Highway\\Aggregate_TripGen
Highway\\EE_Trips
Highway\\Matrix_template
Highway\\GetFieldCore
Highway\\DidItRun

Highway\\HHMET
Highway\\Tour_XX
Highway\\Tour_Frequency
Highway\\Tour_TF_CountySummaryStats
Highway\\Tour_Accessibility
Highway\\Tour_DestinationChoice
Highway\\Tour_IS
Highway\\Tour_IS_Location
Highway\\Tour_TruckTGTD
Highway\\Tour_ToD1
Highway\\Tour_ModeSplit
Highway\CalibrateMC.rsc
Highway\Create_Highway_OD.rsc
Highway\\HwyAssn_RunAMPeak
Highway\\HwyAssn_RunPMPeak
Highway\\HwyAssn_RunMidday
Highway\\HwyAssn_RunNight
Highway\\HwyAssn_MMA_TCv7
Highway\\Feedback_TravelTime
Highway\\HwyAssn_RunTotAssn
Highway\\TotAssn
Highway\\HwyAssn_RunHOTAMPeak
Highway\\HwyAssn_RunHOTPMPeak
Highway\\HwyAssn_RunHOTMidday
Highway\\HwyAssn_RunHOTNight
Highway\\HwyAssn_HOT_TCv7
Highway\\HwyAssn_RunHOTTotAssn
Highway\\DidItRun
Highway\\GetFieldCore
Highway\\Matrix_template


Transit\\RouteSystemSetUp
Transit\\FillParkCost
Transit\\Prepare_Transit_Files
Transit\\AutoSkims_Free
Transit\\AutoSkims_Peak
Transit\\Reg_NonMotorized
Transit\\Reg_PPrmW
Transit\\Reg_PPrmD
Transit\\Reg_PPrmDrop
Transit\\Reg_PBusW
Transit\\Reg_PBusD
Transit\\Reg_PBusDrop
Transit\\Reg_OPPrmW
Transit\\Reg_OPPrmD
Transit\\Reg_OPPrmDrop
Transit\\Reg_OPBusW
Transit\\Reg_OPBusD
Transit\\Reg_OPBusDrop
Transit\\XPR_StopFlags
Transit\\create_tnet
Transit\\set_tnet
Transit\\Compute_OP_Matrix
Transit\\Update_Drive_Skims_Mtx
Transit\\Update_DropOff_Skims_Mtx
Transit\\TD_TranPath_Free
Transit\\TD_TranPath_Peak
Transit\\MS_RunPeak
Transit\\MS_RunOffPeak
Transit\\MS_HBWPeak
Transit\\MS_HBWOffPeak
Transit\\MS_HBOPeak
Transit\\MS_HBOOffPeak
Transit\\MS_NHBPeak
Transit\\MS_NHBOffPeak
Transit\\MS_HBUPeak
Transit\\MS_HBUOffPeak
Transit\\Transit_Input
Transit\\Market_Segment
Transit\\PPrmW_Assign
Transit\\PPrmD_Assign
Transit\\PPrmDrop_Assign
Transit\\PBusW_Assign
Transit\\PBusD_Assign
Transit\\PBusDrop_Assign
Transit\\OPPrmW_Assign
Transit\\OPPrmD_Assign
Transit\\OPPrmDrop_Assign
Transit\\OPBusW_Assign
Transit\\OPBusD_Assign
Transit\\OPBusDrop_Assign
Transit\\Transit_Pax_Stats
Transit\\Transit_Operations_Stats
Transit\\Transit_Boardings
Transit\\Transit_RunStats

Utilities\\MRMUtilities
Utilities\\AreaType_TAZNeighbors
Utilities\\checkLU
Utilities\\TDMatrixStats
Utilities\\MSMatrixStats
Utilities\\ODMatrixStats
Utilities\\VMTAQ
Utilities\\AvgTripLenTrips_tour
Utilities\\Tour_RunStats
Utilities\\HighwayCalibrationStats
Utilities\\LinkDiffTool
Utilities\\Telecommute_20
Utilities\\Drivesheds

MRMFunctions\\DBFieldCheck