Error compiling code
Loading resource file "1 - Create Tour Directory.rsc"...
Compilation successful.
Loading resource file "2 - Model Steps.rsc"...
Compilation successful.
Loading resource file "3 - Summaries.rsc"...
Compilation successful.
Loading resource file "Build_Networks.rsc"...
Compilation successful.
Loading resource file "Fill_prj_year.rsc"...
Compilation successful.
Loading resource file "Build_HwyNet.rsc"...
Compilation successful.
Loading resource file "Area_Type2.rsc"...
Compilation successful.
Loading resource file "CapSpd.rsc"...
Compilation successful.
Loading resource file "ped_drive_den_update.rsc"...
Compilation successful.
Loading resource file "HwySkim_Free.rsc"...
Compilation successful.
Loading resource file "HwySkim_Peak.rsc"...
Compilation successful.
Loading resource file "Terminal_Intrazonal_TT.rsc"...
Compilation successful.
Loading resource file "ExtStaforTripGen.rsc"...
Compilation successful.
Loading resource file "Trip_Generation.rsc"...
Compilation successful.
Loading resource file "Aggregate_TripGen.rsc"...
Compilation successful.
Loading resource file "EE_Trips.rsc"...
Compilation successful.
Loading resource file "Matrix_template.rsc"...
Compilation successful.
Loading resource file "GetFieldCore.rsc"...
Compilation successful.
Loading resource file "DidItRun.rsc"...
Compilation successful.
Loading resource file "HHMET.rsc"...
Compilation successful.
Loading resource file "Tour_XX.rsc"...
Compilation successful.
Loading resource file "Tour_Frequency.rsc"...
Compilation successful.
Loading resource file "Tour_TF_CountySummaryStats.rsc"...
Compilation successful.
Loading resource file "Tour_Accessibility.rsc"...
Compilation successful.
Loading resource file "Tour_DestinationChoice.rsc"...
Compilation successful.
Loading resource file "Tour_IS.rsc"...
Compilation successful.
Loading resource file "Tour_IS_Location.rsc"...
Compilation successful.
Loading resource file "Tour_TruckTGTD.rsc"...
Compilation successful.
Loading resource file "Tour_ToD1.rsc"...
Compilation successful.
Loading resource file "Tour_ModeSplit.rsc"...
Compilation successful.
Loading resource file "CalibrateMC.rsc"...
Compilation successful.
Loading resource file "Create_Highway_OD.rsc"...
Compilation successful.
Loading resource file "TDHBW1.rsc"...
Compilation successful.
Loading resource file "TDHBW2.rsc"...
Compilation successful.
Loading resource file "TDHBW3.rsc"...
Compilation successful.
Loading resource file "TDHBW4.rsc"...
Compilation successful.
Loading resource file "TDHBO1.rsc"...
Compilation successful.
Loading resource file "TDHBO2.rsc"...
Compilation successful.
Loading resource file "TDHBO3.rsc"...
Compilation successful.
Loading resource file "TDHBO4.rsc"...
Compilation successful.
Loading resource file "TDHBS1.rsc"...
Compilation successful.
Loading resource file "TDHBS2.rsc"...
Compilation successful.
Loading resource file "TDHBS3.rsc"...
Compilation successful.
Loading resource file "TDHBS4.rsc"...
Compilation successful.
Loading resource file "TDSCH.rsc"...
Compilation successful.
Loading resource file "TDHBU.rsc"...
Compilation successful.
Loading resource file "TDJTW.rsc"...
Compilation successful.
Loading resource file "TDATW.rsc"...
Compilation successful.
Loading resource file "TDNWK.rsc"...
Compilation successful.
Loading resource file "TDCOM.rsc"...
Compilation successful.
Loading resource file "TDMTK.rsc"...
Compilation successful.
Loading resource file "TDHTK.rsc"...
Compilation successful.
Loading resource file "TDEIW.rsc"...
Compilation successful.
Loading resource file "TDEIN.rsc"...
Compilation successful.
Loading resource file "TDEIC.rsc"...
Compilation successful.
Loading resource file "TDEIM.rsc"...
Compilation successful.
Loading resource file "TDEIH.rsc"...
Compilation successful.
Loading resource file "TDIEW.rsc"...
Compilation successful.
Loading resource file "TDIEN.rsc"...
Compilation successful.
Loading resource file "TDIEC.rsc"...
Compilation successful.
Loading resource file "TDIEM.rsc"...
Compilation successful.
Loading resource file "TDIEH.rsc"...
Compilation successful.
Loading resource file "TOD1_HBW_Peak.rsc"...
Compilation successful.
Loading resource file "TOD1_HBW_OffPeak.rsc"...
Compilation successful.
Loading resource file "TOD1_HBO_Peak.rsc"...
Compilation successful.
Loading resource file "TOD1_HBO_OffPeak.rsc"...
Compilation successful.
Loading resource file "TOD1_NHB_Peak.rsc"...
Compilation successful.
Loading resource file "TOD1_NHB_OffPeak.rsc"...
Compilation successful.
Loading resource file "TOD1_HBU_Peak.rsc"...
Compilation successful.
Loading resource file "TOD1_HBU_OffPeak.rsc"...
Compilation successful.
Loading resource file "TOD2_COM_MTK_HTK.rsc"...
Compilation successful.
Loading resource file "TOD2_AMPeak.rsc"...
Compilation successful.
Loading resource file "TOD2_PMPeak.rsc"...
Compilation successful.
Loading resource file "TOD2_Midday.rsc"...
Compilation successful.
Loading resource file "TOD2_Night.rsc"...
Compilation successful.
Loading resource file "HwyAssn_RunAMPeak.rsc"...
Compilation successful.
Loading resource file "HwyAssn_RunPMPeak.rsc"...
Compilation successful.
Loading resource file "HwyAssn_RunMidday.rsc"...
Compilation successful.
Loading resource file "HwyAssn_RunNight.rsc"...
Compilation successful.
Loading resource file "HwyAssn_MMA_TCv7.rsc"...
Compilation successful.
Loading resource file "Feedback_TravelTime.rsc"...
Compilation successful.
Loading resource file "HwyAssn_RunTotAssn.rsc"...
Compilation successful.
Loading resource file "TotAssn.rsc"...
Compilation successful.
Loading resource file "HwyAssn_RunHOTAMPeak.rsc"...
Compilation successful.
Loading resource file "HwyAssn_RunHOTPMPeak.rsc"...
Compilation successful.
Loading resource file "HwyAssn_RunHOTMidday.rsc"...
Compilation successful.
Loading resource file "HwyAssn_RunHOTNight.rsc"...
Compilation successful.
Loading resource file "HwyAssn_HOT_TCv7.rsc"...
Compilation successful.
Loading resource file "HwyAssn_RunHOTTotAssn.rsc"...
Compilation successful.
Deleting old resources...
Loading resource file "DidItRun.rsc"...
Compilation successful.
Deleting old resources...
Loading resource file "GetFieldCore.rsc"...
Compilation successful.
Deleting old resources...
Loading resource file "Matrix_template.rsc"...
Compilation successful.
Loading resource file "RouteSystemSetUp.rsc"...
Compilation successful.
Loading resource file "FillParkCost.rsc"...
Compilation successful.
Loading resource file "Prepare_Transit_Files.rsc"...
Compilation successful.
Loading resource file "AutoSkims_Free.rsc"...
Compilation successful.
Loading resource file "AutoSkims_Peak.rsc"...
Compilation successful.
Loading resource file "Reg_NonMotorized.rsc"...
Compilation successful.
Loading resource file "Reg_PrmW.rsc"...
Compilation successful.
Loading resource file "Reg_PrmD.rsc"...
Compilation successful.
Loading resource file "Reg_PrmDrop.rsc"...
C:\MRM\Code\Transit\\Reg_PrmDrop.rsc(816):  Ignoring '<string>'
C:\MRM\Code\Transit\\Reg_PrmDrop.rsc(816): Warning: Unknown function Macro.
C:\MRM\Code\Transit\\Reg_PrmDrop.rsc(847):  Ignoring 'exist'
2 errors in resource file.
File contained errors.  Compilation unsuccessful.
Loading resource file "Reg_PBusW.rsc"...
Compilation successful.
Loading resource file "Reg_PBusD.rsc"...
Compilation successful.
Loading resource file "Reg_PBusDrop.rsc"...
Compilation successful.
Loading resource file "Reg_OPBusW.rsc"...
Compilation successful.
Loading resource file "Reg_OPBusD.rsc"...
Compilation successful.
Loading resource file "XPR_StopFlags.rsc"...
Compilation successful.
Loading resource file "create_tnet.rsc"...
Compilation successful.
Loading resource file "set_tnet.rsc"...
Compilation successful.
Loading resource file "Compute_OP_Matrix.rsc"...
Compilation successful.
Loading resource file "Update_Drive_Skims_Mtx.rsc"...
Compilation successful.
Loading resource file "Update_DropOff_Skims_Mtx.rsc"...
Compilation successful.
Loading resource file "TD_TranPath_Free.rsc"...
Compilation successful.
Loading resource file "TD_TranPath_Peak.rsc"...
Compilation successful.
Loading resource file "MS_RunPeak.rsc"...
Compilation successful.
Loading resource file "MS_RunOffPeak.rsc"...
Compilation successful.
Loading resource file "MS_HBWPeak.rsc"...
Compilation successful.
Loading resource file "MS_HBWOffPeak.rsc"...
Compilation successful.
Loading resource file "MS_HBOPeak.rsc"...
Compilation successful.
Loading resource file "MS_HBOOffPeak.rsc"...
Compilation successful.
Loading resource file "MS_NHBPeak.rsc"...
Compilation successful.
Loading resource file "MS_NHBOffPeak.rsc"...
Compilation successful.
Loading resource file "MS_HBUPeak.rsc"...
Compilation successful.
Loading resource file "MS_HBUOffPeak.rsc"...
Compilation successful.
Loading resource file "Transit_Input.rsc"...
Compilation successful.
Loading resource file "Market_Segment.rsc"...
Compilation successful.
Loading resource file "PPrmW_Assign.rsc"...
Compilation successful.
Loading resource file "PPrmD_Assign.rsc"...
Compilation successful.
Loading resource file "PPrmDrop_Assign.rsc"...
Compilation successful.
Loading resource file "PBusW_Assign.rsc"...
Compilation successful.
Loading resource file "PBusD_Assign.rsc"...
Compilation successful.
Loading resource file "PBusDrop_Assign.rsc"...
Compilation successful.
Loading resource file "OPPrmW_Assign.rsc"...
Compilation successful.
Loading resource file "OPPrmD_Assign.rsc"...
Compilation successful.
Loading resource file "OPPrmDrop_Assign.rsc"...
Compilation successful.
Loading resource file "OPBusW_Assign.rsc"...
Compilation successful.
Loading resource file "OPBusD_Assign.rsc"...
Compilation successful.
Loading resource file "OPBusDrop_Assign.rsc"...
Compilation successful.
Loading resource file "Transit_Pax_Stats.rsc"...
Compilation successful.
Loading resource file "Transit_Operations_Stats.rsc"...
Compilation successful.
Loading resource file "Transit_Boardings.rsc"...
Compilation successful.
Loading resource file "Transit_RunStats.rsc"...
Compilation successful.
Loading resource file "MRMUtilities.rsc"...
Compilation successful.
Loading resource file "AreaType_TAZNeighbors.rsc"...
Compilation successful.
Loading resource file "checkLU.rsc"...
Compilation successful.
Loading resource file "TDMatrixStats.rsc"...
Compilation successful.
Loading resource file "MSMatrixStats.rsc"...
Compilation successful.
Loading resource file "ODMatrixStats.rsc"...
Compilation successful.
Loading resource file "VMTAQ.rsc"...
Compilation successful.
Loading resource file "AvgTripLenTrips_tour.rsc"...
Compilation successful.
Loading resource file "Tour_RunStats.rsc"...
Compilation successful.
Loading resource file "HighwayCalibrationStats.rsc"...
Compilation successful.
Loading resource file "LinkDiffTool.rsc"...
Compilation successful.
Loading resource file "Telecommute_20.rsc"...
Compilation successful.
Loading resource file "Drivesheds.rsc"...
Compilation successful.
Loading resource file "DBFieldCheck.rsc"...
Compilation successful.
155 files compiled successfully.
1 files compiled with errors.
